==> Bearbeite cloud-container-engine
Updating 639b88b..3ba554c
Fast-forward
 .../images/en-us_image_0000002223979124.png        | Bin 0 -> 16935 bytes
 .../images/en-us_image_0000002223982088.png        | Bin 0 -> 8910 bytes
 .../images/en-us_image_0000002258778033.png        | Bin 0 -> 5943 bytes
 .../images/en-us_image_0000002258900681.png        | Bin 0 -> 16410 bytes
 .../images/en-us_image_0000002258903541.png        | Bin 0 -> 7746 bytes
 .../images/en-us_image_0000002574283930.png        | Bin 0 -> 83294 bytes
 .../images/en-us_image_0000002594858384.png        | Bin 0 -> 44193 bytes
 .../images/en-us_image_0000002601564591.png        | Bin 0 -> 18771 bytes
 .../images/en-us_image_0000002625415870.png        | Bin 0 -> 76629 bytes
 .../images/en-us_image_0000002655735963.png        | Bin 0 -> 14367 bytes
 .../images/en-us_image_0000002655740631.png        | Bin 0 -> 61788 bytes
 .../images/en-us_image_0000002655742419.png        | Bin 0 -> 64415 bytes
 .../nginx_ingress_controller.rst                   |   2 +
 umn/source/nodes/node_oss.rst                      |  67 +++++-----
 umn/source/permissions/system_agencies.rst         |  15 +++
 umn/source/product_bulletin/index.rst              |   6 +-
 .../cce_agency_changes.rst                         |  75 +++++++++++
 .../eom_of_centos.rst                              |   0
 .../nodeos_release_and_lifecycle/index.rst         |  18 +++
 .../os_image_tag_release_notes.rst                 |  87 +++++++++++++
 .../security_vulnerability_responses/index.rst     |  19 ++-
 ...abilities_cve-2026-43284_and_cve-2026-43500.rst |  99 +++++++++++++++
 ...ege_escalation_vulnerability_cve-2026-31431.rst |  90 +++++++++++++
 ...026-24512_cve-2026-24513_and_cve-2026-24514.rst |  96 ++++++++++++++
 ...2945_nginx_ingress_controller_vulnerability.rst | 140 +++++++++++++++++++++
 ...omb_remote_dos_vulnerability_cve-2026-49975.rst |  77 ++++++++++++
 ...ntainer_escape_vulnerability_cve-2026-43499.rst |  89 +++++++++++++
 27 files changed, 840 insertions(+), 40 deletions(-)
 create mode 100644 umn/source/_static/images/en-us_image_0000002223979124.png
 create mode 100644 umn/source/_static/images/en-us_image_0000002223982088.png
 create mode 100644 umn/source/_static/images/en-us_image_0000002258778033.png
 create mode 100644 umn/source/_static/images/en-us_image_0000002258900681.png
 create mode 100644 umn/source/_static/images/en-us_image_0000002258903541.png
 create mode 100644 umn/source/_static/images/en-us_image_0000002574283930.png
 create mode 100644 umn/source/_static/images/en-us_image_0000002594858384.png
 create mode 100644 umn/source/_static/images/en-us_image_0000002601564591.png
 create mode 100644 umn/source/_static/images/en-us_image_0000002625415870.png
 create mode 100644 umn/source/_static/images/en-us_image_0000002655735963.png
 create mode 100644 umn/source/_static/images/en-us_image_0000002655740631.png
 create mode 100644 umn/source/_static/images/en-us_image_0000002655742419.png
 create mode 100644 umn/source/product_bulletin/nodeos_release_and_lifecycle/cce_agency_changes.rst
 rename umn/source/product_bulletin/{ => nodeos_release_and_lifecycle}/eom_of_centos.rst (100%)
 create mode 100644 umn/source/product_bulletin/nodeos_release_and_lifecycle/index.rst
 create mode 100644 umn/source/product_bulletin/nodeos_release_and_lifecycle/os_image_tag_release_notes.rst
 create mode 100644 umn/source/product_bulletin/security_vulnerability_responses/notice_of_linux_kernel_privilege_escalation_vulnerabilities_cve-2026-43284_and_cve-2026-43500.rst
 create mode 100644 umn/source/product_bulletin/security_vulnerability_responses/notice_of_linux_kernel_privilege_escalation_vulnerability_cve-2026-31431.rst
 create mode 100644 umn/source/product_bulletin/security_vulnerability_responses/notice_of_nginx_ingress_controller_vulnerabilities_cve-2026-1580_cve-2026-24512_cve-2026-24513_and_cve-2026-24514.rst
 create mode 100644 umn/source/product_bulletin/security_vulnerability_responses/notice_of_the_cve-2026-42945_nginx_ingress_controller_vulnerability.rst
 create mode 100644 umn/source/product_bulletin/security_vulnerability_responses/notice_of_the_http2_bomb_remote_dos_vulnerability_cve-2026-49975.rst
 create mode 100644 umn/source/product_bulletin/security_vulnerability_responses/notice_of_the_linux_kernel_rtmutex_uaf_local_privilege_escalation_container_escape_vulnerability_cve-2026-43499.rst

From https://github.com/opentelekomcloud-docs/cloud-container-engine
   639b88b..3ba554c  main       -> origin/main
OK: speichere Ergebnis von cloud-container-engine in /home/ubuntu/AssetGuard/repo_results/cloud-container-engine (Dauer: 48m 36s)
processed_files=191
flagged_files=165
row_count=191
duration_seconds=2916
duration_human=48m 36s
